../Core/Src/main.c:74:14:dbg	80	static
../Core/Src/main.c:87:5:main	8	static
../Core/Src/main.c:157:6:SystemClock_Config	88	static
../Core/Src/main.c:212:13:MX_SPI2_Init	8	static
../Core/Src/main.c:250:13:MX_TIM2_Init	64	static
../Core/Src/main.c:309:13:MX_USART2_UART_Init	8	static
../Core/Src/main.c:342:13:MX_GPIO_Init	48	static
../Core/Src/main.c:388:7:motor_set_dir	16	static
../Core/Src/main.c:393:7:motor_set_step_hz	24	static
../Core/Src/main.c:402:7:motor_set_rpm	24	static
../Core/Src/main.c:414:6:Error_Handler	4	static,ignoring_inline_asm
